// Jest Snapshot v1, https://goo.gl/fbAQLP

exports[`Header component renders Header 1`] = `
<DocumentFragment>
  <div
    class="light"
  >
    Dark Mode  
    <input
      type="checkbox"
    />
    <a
      href="/"
    >
      Home
    </a>
  </div>
</DocumentFragment>
`;
