// Jest Snapshot v1, https://goo.gl/fbAQLP

exports[`App component renders App 1`] = `
<DocumentFragment>
  <div
    class="light"
  >
    Dark Mode  
    <input
      type="checkbox"
    />
    <a
      href="/"
    >
      Home
    </a>
  </div>
  <div>
    Loading...
  </div>
  <div>
    <div>
      page 0
    </div>
    <button>
      next page
    </button>
  </div>
</DocumentFragment>
`;
